// Jest Snapshot v1, https://goo.gl/fbAQLP

exports[`Separator  should match snapshot 1`] = `
<div
  className="css-x6nomr"
/>
`;
