// Jest Snapshot v1, https://goo.gl/fbAQLP

exports[`Stack should match snapshot 1`] = `
<div
  className="css-1muqplt"
/>
`;
