// Jest Snapshot v1, https://goo.gl/fbAQLP

exports[`StackItem should match snapshot 1`] = `null`;
