// Jest Snapshot v1, https://goo.gl/fbAQLP

exports[`Image should match snapshot 1`] = `
<img
  alt="test"
  height={50}
  src="/fake.png"
  width={50}
/>
`;
