// Jest Snapshot v1, https://goo.gl/fbAQLP

exports[`Link should match standard link snapshot 1`] = `
<a
  className="css-afol98"
  color="blue.500"
  href="/"
  textDecoration="none"
>
  Link test
</a>
`;
