// Jest Snapshot v1, https://goo.gl/fbAQLP

exports[`View should match snapshot 1`] = `
<div
  className="css-rvandl"
/>
`;
